<html>
<body>
<pre>
<h1>µVision Build Log</h1>
<h2>Project:</h2>
C:\Users\szymo\Desktop\AGH\SEMESTR_4\PPO\C++\src\4\ppo.uvproj
Project File Date:  03/09/2026

<h2>Output:</h2>
Build target 'Target 1'
compiling led.cpp...
led.cpp(36): warning:  #1-D: last line of file ends without a newline
compiling main.cpp...
compiling stepper.cpp...
linking...
Program Size: Code=928 RO-data=36 RW-data=4 ZI-data=1260  
".\ppo.axf" - 0 Errors, 1 Warning(s).
Build target 'Target 1'
compiling led.cpp...
linking...
Program Size: Code=928 RO-data=36 RW-data=4 ZI-data=1260  
".\ppo.axf" - 0 Errors, 0 Warning(s).
